exports[`creates todos #0`] =
[
  {
    "completed": false,
    "title": "todo 0"
  },
  {
    "completed": false,
    "title": "todo 1"
  },
  {
    "completed": false,
    "title": "todo 2"
  }
];
